2026-08-20T09:12:01.001Z INFO  [order-service] corrId=8f2a11c9 requestId=r-10001 Order ORD-58291 submitted for customer CUST-4471 region=US-EAST
2026-08-20T09:12:01.045Z INFO  [inventory-client] corrId=8f2a11c9 requestId=r-10001 checkAvailableStock productId=CEPH-100 result=OK stock=42
2026-08-20T09:12:01.098Z INFO  [tax-service] corrId=8f2a11c9 requestId=r-10001 calculateTax region=US-EAST amount=100.00 tax=7.00
2026-08-20T09:12:01.140Z INFO  [order-service] corrId=8f2a11c9 requestId=r-10001 Order ORD-58291 completed total=107.00

2026-08-20T09:14:12.501Z INFO  [order-service] corrId=3bd0459e requestId=r-10002 Order ORD-58292 submitted for customer CUST-9012 region=US-WEST
2026-08-20T09:14:12.560Z INFO  [inventory-client] corrId=3bd0459e requestId=r-10002 checkAvailableStock productId=CEPH-200 result=OK stock=17
2026-08-20T09:14:12.601Z INFO  [tax-service] corrId=3bd0459e requestId=r-10002 calculateTax region=US-WEST amount=250.00 tax=17.50
2026-08-20T09:14:12.640Z WARN  [tax-service] corrId=3bd0459e requestId=r-10002 Unexpected low tax amount for US-WEST order, escalated to support ticket SUP-2291
2026-08-20T09:14:12.680Z INFO  [order-service] corrId=3bd0459e requestId=r-10002 Order ORD-58292 completed total=267.50

2026-08-20T09:16:44.220Z INFO  [order-service] corrId=c110af22 requestId=r-10003 Order ORD-58293 submitted for customer CUST-1123 region=US-EAST
2026-08-20T09:16:44.265Z INFO  [ops-lookup] corrId=c110af22 requestId=r-10003 getCustomerRegion customerId=CUST-1123
2026-08-20T09:16:44.271Z ERROR [ops-lookup] corrId=c110af22 requestId=r-10003 java.lang.NullPointerException: Cannot invoke "String.toUpperCase()" because "cached" is null
	at com.cepheid.training.ops.OrderLookupService.getCustomerRegion(OrderLookupService.java:15)
	at com.cepheid.training.ops.OrderProcessingJob.run(OrderProcessingJob.java:41)
2026-08-20T09:16:44.290Z ERROR [order-service] corrId=c110af22 requestId=r-10003 Order ORD-58293 failed: internal lookup error

2026-08-20T09:18:02.900Z INFO  [order-service] corrId=90ee7710 requestId=r-10004 Order ORD-58294 submitted for customer CUST-7742 region=US-EAST
2026-08-20T09:18:02.950Z INFO  [inventory-client] corrId=90ee7710 requestId=r-10004 checkAvailableStock productId=CEPH-300 attempt=1
2026-08-20T09:18:05.951Z ERROR [inventory-client] corrId=90ee7710 requestId=r-10004 java.lang.RuntimeException: Timeout while connecting to inventory-db after 3000ms
	at com.cepheid.training.ops.InventoryClient.checkAvailableStock(InventoryClient.java:10)
	at com.cepheid.training.ops.OrderProcessingJob.run(OrderProcessingJob.java:33)
2026-08-20T09:18:05.970Z WARN  [order-service] corrId=90ee7710 requestId=r-10004 Retrying inventory check attempt=2
2026-08-20T09:18:06.010Z INFO  [inventory-client] corrId=90ee7710 requestId=r-10004 checkAvailableStock productId=CEPH-300 result=OK stock=8
2026-08-20T09:18:06.055Z INFO  [order-service] corrId=90ee7710 requestId=r-10004 Order ORD-58294 completed total=412.00

2026-08-20T09:20:15.310Z INFO  [order-service] corrId=1a77bb44 requestId=r-10005 Order ORD-58295 submitted for customer CUST-6600 region=US-WEST
2026-08-20T09:20:15.360Z INFO  [inventory-client] corrId=1a77bb44 requestId=r-10005 checkAvailableStock productId=CEPH-100 result=OK stock=42
2026-08-20T09:20:15.401Z INFO  [tax-service] corrId=1a77bb44 requestId=r-10005 calculateTax region=US-WEST amount=500.00 tax=35.00
2026-08-20T09:20:15.440Z INFO  [order-service] corrId=1a77bb44 requestId=r-10005 Order ORD-58295 completed total=535.00
